10:56:06 **** Incremental Build of configuration Debug for project clase ****
make -j8 all 
arm-none-eabi-gcc "../Core/Src/main.c" -mcpu=cortex-m7 -std=gnu11 -g3 -DDEBUG -DUSE_HAL_DRIVER -DSTM32F767xx -c -I../Core/Inc -I../Drivers/STM32F7xx_HAL_Driver/Inc -I../Drivers/STM32F7xx_HAL_Driver/Inc/Legacy -I../Drivers/CMSIS/Device/ST/STM32F7xx/Include -I../Drivers/CMSIS/Include -I"D:/STM32_GITHUB/clase/Drivers/BSP" -I"D:/STM32_GITHUB/clase/Drivers/delays" -O0 -ffunction-sections -fdata-sections -Wall -fstack-usage -fcyclomatic-complexity -MMD -MP -MF"Core/Src/main.d" -MT"Core/Src/main.o" --specs=nano.specs -mfpu=fpv5-d16 -mfloat-abi=hard -mthumb -o "Core/Src/main.o"
arm-none-eabi-gcc -o "clase.elf" @"objects.list"   -mcpu=cortex-m7 -T"D:\STM32_GITHUB\clase\STM32F767ZITX_FLASH.ld" --specs=nosys.specs -Wl,-Map="clase.map" -Wl,--gc-sections -static --specs=nano.specs -mfpu=fpv5-d16 -mfloat-abi=hard -mthumb -Wl,--start-group -lc -lm -Wl,--end-group
Finished building target: clase.elf
 
arm-none-eabi-size   clase.elf 
arm-none-eabi-objdump -h -S  clase.elf  > "clase.list"
   text	   data	    bss	    dec	    hex	filename
   6604	     32	   1568	   8204	   200c	clase.elf
Finished building: default.size.stdout
 
Finished building: clase.list
 
10:56:14 **** Incremental Build of configuration Debug for project clase ****
make -j8 all 
arm-none-eabi-size   clase.elf 
   text	   data	    bss	    dec	    hex	filename
   6604	     32	   1568	   8204	   200c	clase.elf
Finished building: default.size.stdout
 
